// Jest Snapshot v1, https://goo.gl/fbAQLP

exports[`Greeting component snapshot Ensure UI matches snapshot 1`] = `
Array [
  <h2>
    Hello World
  </h2>,
  <p>
    It is great to see you!
  </p>,
  <button
    data-testid="greeting-btn"
    onClick={[Function]}
  >
    Change Text
  </button>,
]
`;
